// Jest Snapshot v1, https://goo.gl/fbAQLP

exports[`CheckoutView should render correctly 1`] = `
<DocumentFragment>
  <div
    class="MuiContainer-root MuiContainer-maxWidthXl css-19r6kue-MuiContainer-root"
  >
    <div
      class="MuiStack-root css-fdaco8-MuiStack-root"
    >
      <h2
        class="MuiTypography-root MuiTypography-h2 css-14leyog-MuiTypography-root"
      >
        Checkout: Test Title
      </h2>
      <div
        class="MuiBox-root css-1ykdma4"
      >
        <div
          class="MuiBox-root css-0"
        >
          <div
            class="MuiStepper-root MuiStepper-horizontal css-m5vj9m-MuiStepper-root"
          >
            <div
              class="MuiStep-root MuiStep-horizontal css-1bw0nnu-MuiStep-root"
            >
              <span
                class="MuiStepLabel-root MuiStepLabel-horizontal css-ascpo7-MuiStepLabel-root"
              >
                <span
                  class="MuiStepLabel-iconContainer Mui-active css-vnkopk-MuiStepLabel-iconContainer"
                >
                  <svg
                    aria-hidden="true"
                    class="MuiSvgIcon-root MuiSvgIcon-fontSizeMedium MuiStepIcon-root Mui-active css-1u4zpwo-MuiSvgIcon-root-MuiStepIcon-root"
                    focusable="false"
                    viewBox="0 0 24 24"
                  >
                    <circle
                      cx="12"
                      cy="12"
                      r="12"
                    />
                    <text
                      class="MuiStepIcon-text css-117w1su-MuiStepIcon-text"
                      dominant-baseline="central"
                      text-anchor="middle"
                      x="12"
                      y="12"
                    >
                      1
                    </text>
                  </svg>
                </span>
                <span
                  class="MuiStepLabel-labelContainer css-1vyamtt-MuiStepLabel-labelContainer"
                >
                  <span
                    class="MuiStepLabel-label Mui-active css-1hv8oq8-MuiStepLabel-label"
                  >
                    Personal Data
                  </span>
                </span>
              </span>
            </div>
            <div
              class="MuiStepConnector-root MuiStepConnector-horizontal Mui-disabled css-j5w0w9-MuiStepConnector-root"
            >
              <span
                class="MuiStepConnector-line MuiStepConnector-lineHorizontal css-z7uhs0-MuiStepConnector-line"
              />
            </div>
            <div
              class="MuiStep-root MuiStep-horizontal css-1bw0nnu-MuiStep-root"
            >
              <span
                class="MuiStepLabel-root MuiStepLabel-horizontal Mui-disabled css-ascpo7-MuiStepLabel-root"
              >
                <span
                  class="MuiStepLabel-iconContainer Mui-disabled css-vnkopk-MuiStepLabel-iconContainer"
                >
                  <svg
                    aria-hidden="true"
                    class="MuiSvgIcon-root MuiSvgIcon-fontSizeMedium MuiStepIcon-root css-1u4zpwo-MuiSvgIcon-root-MuiStepIcon-root"
                    focusable="false"
                    viewBox="0 0 24 24"
                  >
                    <circle
                      cx="12"
                      cy="12"
                      r="12"
                    />
                    <text
                      class="MuiStepIcon-text css-117w1su-MuiStepIcon-text"
                      dominant-baseline="central"
                      text-anchor="middle"
                      x="12"
                      y="12"
                    >
                      2
                    </text>
                  </svg>
                </span>
                <span
                  class="MuiStepLabel-labelContainer css-1vyamtt-MuiStepLabel-labelContainer"
                >
                  <span
                    class="MuiStepLabel-label Mui-disabled css-1hv8oq8-MuiStepLabel-label"
                  >
                    Delivery Adress
                  </span>
                </span>
              </span>
            </div>
            <div
              class="MuiStepConnector-root MuiStepConnector-horizontal Mui-disabled css-j5w0w9-MuiStepConnector-root"
            >
              <span
                class="MuiStepConnector-line MuiStepConnector-lineHorizontal css-z7uhs0-MuiStepConnector-line"
              />
            </div>
            <div
              class="MuiStep-root MuiStep-horizontal css-1bw0nnu-MuiStep-root"
            >
              <span
                class="MuiStepLabel-root MuiStepLabel-horizontal Mui-disabled css-ascpo7-MuiStepLabel-root"
              >
                <span
                  class="MuiStepLabel-iconContainer Mui-disabled css-vnkopk-MuiStepLabel-iconContainer"
                >
                  <svg
                    aria-hidden="true"
                    class="MuiSvgIcon-root MuiSvgIcon-fontSizeMedium MuiStepIcon-root css-1u4zpwo-MuiSvgIcon-root-MuiStepIcon-root"
                    focusable="false"
                    viewBox="0 0 24 24"
                  >
                    <circle
                      cx="12"
                      cy="12"
                      r="12"
                    />
                    <text
                      class="MuiStepIcon-text css-117w1su-MuiStepIcon-text"
                      dominant-baseline="central"
                      text-anchor="middle"
                      x="12"
                      y="12"
                    >
                      3
                    </text>
                  </svg>
                </span>
                <span
                  class="MuiStepLabel-labelContainer css-1vyamtt-MuiStepLabel-labelContainer"
                >
                  <span
                    class="MuiStepLabel-label Mui-disabled css-1hv8oq8-MuiStepLabel-label"
                  >
                    Payment Infomation
                  </span>
                </span>
              </span>
            </div>
          </div>
          <div
            class="MuiBox-root css-1c5ij41"
          >
            <div
              class="MuiStack-root css-1p5q5e5-MuiStack-root"
            >
              <form>
                <div
                  class="MuiBox-root css-1qm1lh"
                >
                  <div
                    class="MuiFormControl-root MuiFormControl-fullWidth MuiTextField-root css-wb57ya-MuiFormControl-root-MuiTextField-root"
                  >
                    <label
                      class="MuiFormLabel-root MuiInputLabel-root MuiInputLabel-formControl MuiInputLabel-animated MuiInputLabel-shrink MuiInputLabel-outlined MuiFormLabel-colorPrimary MuiFormLabel-filled MuiInputLabel-root MuiInputLabel-formControl MuiInputLabel-animated MuiInputLabel-shrink MuiInputLabel-outlined css-1jy569b-MuiFormLabel-root-MuiInputLabel-root"
                      data-shrink="true"
                      for=":r0:"
                      id=":r0:-label"
                    >
                      Name
                    </label>
                    <div
                      class="MuiInputBase-root MuiOutlinedInput-root MuiInputBase-colorPrimary MuiInputBase-fullWidth MuiInputBase-formControl css-md26zr-MuiInputBase-root-MuiOutlinedInput-root"
                    >
                      <input
                        aria-invalid="false"
                        class="MuiInputBase-input MuiOutlinedInput-input css-1t8l2tu-MuiInputBase-input-MuiOutlinedInput-input"
                        id=":r0:"
                        name="name"
                        type="text"
                        value="Test"
                      />
                      <fieldset
                        aria-hidden="true"
                        class="MuiOutlinedInput-notchedOutline css-1d3z3hw-MuiOutlinedInput-notchedOutline"
                      >
                        <legend
                          class="css-14lo706"
                        >
                          <span>
                            Name
                          </span>
                        </legend>
                      </fieldset>
                    </div>
                  </div>
                </div>
                <div
                  class="MuiBox-root css-1qm1lh"
                >
                  <div
                    class="MuiFormControl-root MuiFormControl-fullWidth MuiTextField-root css-wb57ya-MuiFormControl-root-MuiTextField-root"
                  >
                    <label
                      class="MuiFormLabel-root MuiInputLabel-root MuiInputLabel-formControl MuiInputLabel-animated MuiInputLabel-shrink MuiInputLabel-outlined MuiFormLabel-colorPrimary MuiFormLabel-filled MuiInputLabel-root MuiInputLabel-formControl MuiInputLabel-animated MuiInputLabel-shrink MuiInputLabel-outlined css-1jy569b-MuiFormLabel-root-MuiInputLabel-root"
                      data-shrink="true"
                      for=":r1:"
                      id=":r1:-label"
                    >
                      Last Name
                    </label>
                    <div
                      class="MuiInputBase-root MuiOutlinedInput-root MuiInputBase-colorPrimary MuiInputBase-fullWidth MuiInputBase-formControl css-md26zr-MuiInputBase-root-MuiOutlinedInput-root"
                    >
                      <input
                        aria-invalid="false"
                        class="MuiInputBase-input MuiOutlinedInput-input css-1t8l2tu-MuiInputBase-input-MuiOutlinedInput-input"
                        id=":r1:"
                        name="lastname"
                        type="text"
                        value="User"
                      />
                      <fieldset
                        aria-hidden="true"
                        class="MuiOutlinedInput-notchedOutline css-1d3z3hw-MuiOutlinedInput-notchedOutline"
                      >
                        <legend
                          class="css-14lo706"
                        >
                          <span>
                            Last Name
                          </span>
                        </legend>
                      </fieldset>
                    </div>
                  </div>
                </div>
                <div
                  class="MuiBox-root css-1qm1lh"
                >
                  <div
                    class="MuiFormControl-root MuiFormControl-fullWidth MuiTextField-root css-wb57ya-MuiFormControl-root-MuiTextField-root"
                  >
                    <label
                      class="MuiFormLabel-root MuiInputLabel-root MuiInputLabel-formControl MuiInputLabel-animated MuiInputLabel-shrink MuiInputLabel-outlined MuiFormLabel-colorPrimary MuiFormLabel-filled Mui-focused MuiInputLabel-root MuiInputLabel-formControl MuiInputLabel-animated MuiInputLabel-shrink MuiInputLabel-outlined css-1jy569b-MuiFormLabel-root-MuiInputLabel-root"
                      data-shrink="true"
                      for=":r2:"
                      id=":r2:-label"
                    >
                      Email
                    </label>
                    <div
                      class="MuiInputBase-root MuiOutlinedInput-root MuiInputBase-colorPrimary MuiInputBase-fullWidth Mui-focused MuiInputBase-formControl css-md26zr-MuiInputBase-root-MuiOutlinedInput-root"
                    >
                      <input
                        aria-invalid="false"
                        class="MuiInputBase-input MuiOutlinedInput-input css-1t8l2tu-MuiInputBase-input-MuiOutlinedInput-input"
                        id=":r2:"
                        name="email"
                        type="email"
                        value="test@user.com"
                      />
                      <fieldset
                        aria-hidden="true"
                        class="MuiOutlinedInput-notchedOutline css-1d3z3hw-MuiOutlinedInput-notchedOutline"
                      >
                        <legend
                          class="css-14lo706"
                        >
                          <span>
                            Email
                          </span>
                        </legend>
                      </fieldset>
                    </div>
                  </div>
                </div>
              </form>
              <div>
                StepperNavigation: 0
                <div>
                  <button>
                    Previous
                  </button>
                  <button>
                    Next
                  </button>
                </div>
              </div>
              <div>
                <h1>
                  Validate your personal data
                </h1>
                Name: Test
                <br />
                Last Name: User
                <br />
                Email: test@user.com
              </div>
            </div>
          </div>
        </div>
        <div
          class="MuiPaper-root MuiPaper-elevation MuiPaper-rounded MuiPaper-elevation1 MuiCard-root css-j89rld-MuiPaper-root-MuiCard-root"
        >
          <img
            alt="Test Title"
            class="MuiCardMedia-root MuiCardMedia-media MuiCardMedia-img css-1h2xq9u-MuiCardMedia-root"
            height="300"
            src="Test Image"
          />
          <div
            class="MuiCardContent-root css-46bh2p-MuiCardContent-root"
          >
            <div
              class="MuiTypography-root MuiTypography-h4 MuiTypography-gutterBottom css-1vw6mcs-MuiTypography-root"
            >
              Test Title
            </div>
            <div
              class="MuiTypography-root MuiTypography-h5 MuiTypography-gutterBottom css-h93ljk-MuiTypography-root"
            >
              70$
            </div>
          </div>
        </div>
      </div>
    </div>
  </div>
</DocumentFragment>
`;
