// Jest Snapshot v1, https://goo.gl/fbAQLP

exports[`CheckoutComic should render correctly 1`] = `<DocumentFragment />`;
